Archive member included to satisfy reference by file (symbol)

c:/st/stm32cubeide_1.11.0/stm32cubeide/plugins/com.st.stm32cube.ide.mcu.externaltools.gnu-tools-for-stm32.10.3-2021.10.win32_1.0.100.202210260954/tools/bin/../lib/gcc/arm-none-eabi/10.3.1/../../../../arm-none-eabi/lib/thumb/v6-m/nofp\libc_nano.a(lib_a-errno.o)
                              ./Core/Src/syscalls.o (__errno)
c:/st/stm32cubeide_1.11.0/stm32cubeide/plugins/com.st.stm32cube.ide.mcu.externaltools.gnu-tools-for-stm32.10.3-2021.10.win32_1.0.100.202210260954/tools/bin/../lib/gcc/arm-none-eabi/10.3.1/../../../../arm-none-eabi/lib/thumb/v6-m/nofp\libc_nano.a(lib_a-exit.o)
                              c:/st/stm32cubeide_1.11.0/stm32cubeide/plugins/com.st.stm32cube.ide.mcu.externaltools.gnu-tools-for-stm32.10.3-2021.10.win32_1.0.100.202210260954/tools/bin/../lib/gcc/arm-none-eabi/10.3.1/../../../../arm-none-eabi/lib/thumb/v6-m/nofp/crt0.o (exit)
c:/st/stm32cubeide_1.11.0/stm32cubeide/plugins/com.st.stm32cube.ide.mcu.externaltools.gnu-tools-for-stm32.10.3-2021.10.win32_1.0.100.202210260954/tools/bin/../lib/gcc/arm-none-eabi/10.3.1/../../../../arm-none-eabi/lib/thumb/v6-m/nofp\libc_nano.a(lib_a-impure.o)
                              c:/st/stm32cubeide_1.11.0/stm32cubeide/plugins/com.st.stm32cube.ide.mcu.externaltools.gnu-tools-for-stm32.10.3-2021.10.win32_1.0.100.202210260954/tools/bin/../lib/gcc/arm-none-eabi/10.3.1/../../../../arm-none-eabi/lib/thumb/v6-m/nofp\libc_nano.a(lib_a-exit.o) (_global_impure_ptr)
c:/st/stm32cubeide_1.11.0/stm32cubeide/plugins/com.st.stm32cube.ide.mcu.externaltools.gnu-tools-for-stm32.10.3-2021.10.win32_1.0.100.202210260954/tools/bin/../lib/gcc/arm-none-eabi/10.3.1/../../../../arm-none-eabi/lib/thumb/v6-m/nofp\libc_nano.a(lib_a-init.o)
                              c:/st/stm32cubeide_1.11.0/stm32cubeide/plugins/com.st.stm32cube.ide.mcu.externaltools.gnu-tools-for-stm32.10.3-2021.10.win32_1.0.100.202210260954/tools/bin/../lib/gcc/arm-none-eabi/10.3.1/../../../../arm-none-eabi/lib/thumb/v6-m/nofp/crt0.o (__libc_init_array)
c:/st/stm32cubeide_1.11.0/stm32cubeide/plugins/com.st.stm32cube.ide.mcu.externaltools.gnu-tools-for-stm32.10.3-2021.10.win32_1.0.100.202210260954/tools/bin/../lib/gcc/arm-none-eabi/10.3.1/../../../../arm-none-eabi/lib/thumb/v6-m/nofp\libc_nano.a(lib_a-memset.o)
                              c:/st/stm32cubeide_1.11.0/stm32cubeide/plugins/com.st.stm32cube.ide.mcu.externaltools.gnu-tools-for-stm32.10.3-2021.10.win32_1.0.100.202210260954/tools/bin/../lib/gcc/arm-none-eabi/10.3.1/../../../../arm-none-eabi/lib/thumb/v6-m/nofp/crt0.o (memset)
c:/st/stm32cubeide_1.11.0/stm32cubeide/plugins/com.st.stm32cube.ide.mcu.externaltools.gnu-tools-for-stm32.10.3-2021.10.win32_1.0.100.202210260954/tools/bin/../lib/gcc/arm-none-eabi/10.3.1/thumb/v6-m/nofp\libgcc.a(_udivsi3.o)
                              ./Core/Src/system_stm32f0xx.o (__aeabi_uidiv)
c:/st/stm32cubeide_1.11.0/stm32cubeide/plugins/com.st.stm32cube.ide.mcu.externaltools.gnu-tools-for-stm32.10.3-2021.10.win32_1.0.100.202210260954/tools/bin/../lib/gcc/arm-none-eabi/10.3.1/thumb/v6-m/nofp\libgcc.a(_dvmd_tls.o)
                              c:/st/stm32cubeide_1.11.0/stm32cubeide/plugins/com.st.stm32cube.ide.mcu.externaltools.gnu-tools-for-stm32.10.3-2021.10.win32_1.0.100.202210260954/tools/bin/../lib/gcc/arm-none-eabi/10.3.1/thumb/v6-m/nofp\libgcc.a(_udivsi3.o) (__aeabi_idiv0)

Discarded input sections

 .text          0x0000000000000000        0x0 c:/st/stm32cubeide_1.11.0/stm32cubeide/plugins/com.st.stm32cube.ide.mcu.externaltools.gnu-tools-for-stm32.10.3-2021.10.win32_1.0.100.202210260954/tools/bin/../lib/gcc/arm-none-eabi/10.3.1/thumb/v6-m/nofp/crti.o
 .data          0x0000000000000000        0x0 c:/st/stm32cubeide_1.11.0/stm32cubeide/plugins/com.st.stm32cube.ide.mcu.externaltools.gnu-tools-for-stm32.10.3-2021.10.win32_1.0.100.202210260954/tools/bin/../lib/gcc/arm-none-eabi/10.3.1/thumb/v6-m/nofp/crti.o
 .bss           0x0000000000000000        0x0 c:/st/stm32cubeide_1.11.0/stm32cubeide/plugins/com.st.stm32cube.ide.mcu.externaltools.gnu-tools-for-stm32.10.3-2021.10.win32_1.0.100.202210260954/tools/bin/../lib/gcc/arm-none-eabi/10.3.1/thumb/v6-m/nofp/crti.o
 .data          0x0000000000000000        0x4 c:/st/stm32cubeide_1.11.0/stm32cubeide/plugins/com.st.stm32cube.ide.mcu.externaltools.gnu-tools-for-stm32.10.3-2021.10.win32_1.0.100.202210260954/tools/bin/../lib/gcc/arm-none-eabi/10.3.1/thumb/v6-m/nofp/crtbegin.o
 .rodata        0x0000000000000000       0x24 c:/st/stm32cubeide_1.11.0/stm32cubeide/plugins/com.st.stm32cube.ide.mcu.externaltools.gnu-tools-for-stm32.10.3-2021.10.win32_1.0.100.202210260954/tools/bin/../lib/gcc/arm-none-eabi/10.3.1/thumb/v6-m/nofp/crtbegin.o
 .text          0x0000000000000000       0x80 c:/st/stm32cubeide_1.11.0/stm32cubeide/plugins/com.st.stm32cube.ide.mcu.externaltools.gnu-tools-for-stm32.10.3-2021.10.win32_1.0.100.202210260954/tools/bin/../lib/gcc/arm-none-eabi/10.3.1/../../../../arm-none-eabi/lib/thumb/v6-m/nofp/crt0.o
[...]
Memory Configuration

Name             Origin             Length             Attributes
RAM              0x0000000020000000 0x0000000000002000 xrw
FLASH            0x0000000008000000 0x0000000000010000 xr
*default*        0x0000000000000000 0xffffffffffffffff

Linker script and memory map

LOAD c:/st/stm32cubeide_1.11.0/stm32cubeide/plugins/com.st.stm32cube.ide.mcu.externaltools.gnu-tools-for-stm32.10.3-2021.10.win32_1.0.100.202210260954/tools/bin/../lib/gcc/arm-none-eabi/10.3.1/thumb/v6-m/nofp/crti.o
LOAD c:/st/stm32cubeide_1.11.0/stm32cubeide/plugins/com.st.stm32cube.ide.mcu.externaltools.gnu-tools-for-stm32.10.3-2021.10.win32_1.0.100.202210260954/tools/bin/../lib/gcc/arm-none-eabi/10.3.1/thumb/v6-m/nofp/crtbegin.o
LOAD c:/st/stm32cubeide_1.11.0/stm32cubeide/plugins/com.st.stm32cube.ide.mcu.externaltools.gnu-tools-for-stm32.10.3-2021.10.win32_1.0.100.202210260954/tools/bin/../lib/gcc/arm-none-eabi/10.3.1/../../../../arm-none-eabi/lib/thumb/v6-m/nofp/crt0.o
LOAD ./Core/Src/main.o
LOAD ./Core/Src/stm32f0xx_hal_msp.o
LOAD ./Core/Src/stm32f0xx_it.o
LOAD ./Core/Src/syscalls.o
LOAD ./Core/Src/sysmem.o
LOAD ./Core/Src/system_stm32f0xx.o
LOAD ./Core/Startup/startup_stm32f030r8tx.o
LOAD ./Drivers/STM32F0xx_HAL_Driver/Src/stm32f0xx_hal.o
LOAD ./Drivers/STM32F0xx_HAL_Driver/Src/stm32f0xx_hal_cortex.o
LOAD ./Drivers/STM32F0xx_HAL_Driver/Src/stm32f0xx_hal_dma.o
LOAD ./Drivers/STM32F0xx_HAL_Driver/Src/stm32f0xx_hal_exti.o
LOAD ./Drivers/STM32F0xx_HAL_Driver/Src/stm32f0xx_hal_flash.o
LOAD ./Drivers/STM32F0xx_HAL_Driver/Src/stm32f0xx_hal_flash_ex.o
LOAD ./Drivers/STM32F0xx_HAL_Driver/Src/stm32f0xx_hal_gpio.o
LOAD ./Drivers/STM32F0xx_HAL_Driver/Src/stm32f0xx_hal_i2c.o
LOAD ./Drivers/STM32F0xx_HAL_Driver/Src/stm32f0xx_hal_i2c_ex.o
LOAD ./Drivers/STM32F0xx_HAL_Driver/Src/stm32f0xx_hal_pwr.o
LOAD ./Drivers/STM32F0xx_HAL_Driver/Src/stm32f0xx_hal_pwr_ex.o
LOAD ./Drivers/STM32F0xx_HAL_Driver/Src/stm32f0xx_hal_rcc.o
LOAD ./Drivers/STM32F0xx_HAL_Driver/Src/stm32f0xx_hal_rcc_ex.o
LOAD ./Drivers/STM32F0xx_HAL_Driver/Src/stm32f0xx_hal_tim.o
LOAD ./Drivers/STM32F0xx_HAL_Driver/Src/stm32f0xx_hal_tim_ex.o
START GROUP
LOAD c:/st/stm32cubeide_1.11.0/stm32cubeide/plugins/com.st.stm32cube.ide.mcu.externaltools.gnu-tools-for-stm32.10.3-2021.10.win32_1.0.100.202210260954/tools/bin/../lib/gcc/arm-none-eabi/10.3.1/../../../../arm-none-eabi/lib/thumb/v6-m/nofp\libc_nano.a
LOAD c:/st/stm32cubeide_1.11.0/stm32cubeide/plugins/com.st.stm32cube.ide.mcu.externaltools.gnu-tools-for-stm32.10.3-2021.10.win32_1.0.100.202210260954/tools/bin/../lib/gcc/arm-none-eabi/10.3.1/../../../../arm-none-eabi/lib/thumb/v6-m/nofp\libm.a
END GROUP
START GROUP
LOAD c:/st/stm32cubeide_1.11.0/stm32cubeide/plugins/com.st.stm32cube.ide.mcu.externaltools.gnu-tools-for-stm32.10.3-2021.10.win32_1.0.100.202210260954/tools/bin/../lib/gcc/arm-none-eabi/10.3.1/thumb/v6-m/nofp\libgcc.a
LOAD c:/st/stm32cubeide_1.11.0/stm32cubeide/plugins/com.st.stm32cube.ide.mcu.externaltools.gnu-tools-for-stm32.10.3-2021.10.win32_1.0.100.202210260954/tools/bin/../lib/gcc/arm-none-eabi/10.3.1/../../../../arm-none-eabi/lib/thumb/v6-m/nofp\libc_nano.a
END GROUP
START GROUP
LOAD c:/st/stm32cubeide_1.11.0/stm32cubeide/plugins/com.st.stm32cube.ide.mcu.externaltools.gnu-tools-for-stm32.10.3-2021.10.win32_1.0.100.202210260954/tools/bin/../lib/gcc/arm-none-eabi/10.3.1/thumb/v6-m/nofp\libgcc.a
LOAD c:/st/stm32cubeide_1.11.0/stm32cubeide/plugins/com.st.stm32cube.ide.mcu.externaltools.gnu-tools-for-stm32.10.3-2021.10.win32_1.0.100.202210260954/tools/bin/../lib/gcc/arm-none-eabi/10.3.1/../../../../arm-none-eabi/lib/thumb/v6-m/nofp\libc_nano.a
LOAD c:/st/stm32cubeide_1.11.0/stm32cubeide/plugins/com.st.stm32cube.ide.mcu.externaltools.gnu-tools-for-stm32.10.3-2021.10.win32_1.0.100.202210260954/tools/bin/../lib/gcc/arm-none-eabi/10.3.1/../../../../arm-none-eabi/lib/thumb/v6-m/nofp\libnosys.a
END GROUP
START GROUP
LOAD c:/st/stm32cubeide_1.11.0/stm32cubeide/plugins/com.st.stm32cube.ide.mcu.externaltools.gnu-tools-for-stm32.10.3-2021.10.win32_1.0.100.202210260954/tools/bin/../lib/gcc/arm-none-eabi/10.3.1/thumb/v6-m/nofp\libgcc.a
LOAD c:/st/stm32cubeide_1.11.0/stm32cubeide/plugins/com.st.stm32cube.ide.mcu.externaltools.gnu-tools-for-stm32.10.3-2021.10.win32_1.0.100.202210260954/tools/bin/../lib/gcc/arm-none-eabi/10.3.1/../../../../arm-none-eabi/lib/thumb/v6-m/nofp\libc_nano.a
LOAD c:/st/stm32cubeide_1.11.0/stm32cubeide/plugins/com.st.stm32cube.ide.mcu.externaltools.gnu-tools-for-stm32.10.3-2021.10.win32_1.0.100.202210260954/tools/bin/../lib/gcc/arm-none-eabi/10.3.1/../../../../arm-none-eabi/lib/thumb/v6-m/nofp\libnosys.a
END GROUP
LOAD c:/st/stm32cubeide_1.11.0/stm32cubeide/plugins/com.st.stm32cube.ide.mcu.externaltools.gnu-tools-for-stm32.10.3-2021.10.win32_1.0.100.202210260954/tools/bin/../lib/gcc/arm-none-eabi/10.3.1/thumb/v6-m/nofp/crtend.o
LOAD c:/st/stm32cubeide_1.11.0/stm32cubeide/plugins/com.st.stm32cube.ide.mcu.externaltools.gnu-tools-for-stm32.10.3-2021.10.win32_1.0.100.202210260954/tools/bin/../lib/gcc/arm-none-eabi/10.3.1/thumb/v6-m/nofp/crtn.o
                0x0000000020002000                _estack = (ORIGIN (RAM) + LENGTH (RAM))
                0x0000000000000200                _Min_Heap_Size = 0x200
                0x0000000000000400                _Min_Stack_Size = 0x400

.isr_vector     0x0000000008000000       0xc0
                0x0000000008000000                . = ALIGN (0x4)
 *(.isr_vector)
 .isr_vector    0x0000000008000000       0xc0 ./Core/Startup/startup_stm32f030r8tx.o
                0x0000000008000000                g_pfnVectors
                0x00000000080000c0                . = ALIGN (0x4)

.text           0x00000000080000c0     0x1a08
                0x00000000080000c0                . = ALIGN (0x4)
 *(.text)
 .text          0x00000000080000c0       0x48 c:/st/stm32cubeide_1.11.0/stm32cubeide/plugins/com.st.stm32cube.ide.mcu.externaltools.gnu-tools-for-stm32.10.3-2021.10.win32_1.0.100.202210260954/tools/bin/../lib/gcc/arm-none-eabi/10.3.1/thumb/v6-m/nofp/crtbegin.o
 .text          0x0000000008000108      0x114 c:/st/stm32cubeide_1.11.0/stm32cubeide/plugins/com.st.stm32cube.ide.mcu.externaltools.gnu-tools-for-stm32.10.3-2021.10.win32_1.0.100.202210260954/tools/bin/../lib/gcc/arm-none-eabi/10.3.1/thumb/v6-m/nofp\libgcc.a(_udivsi3.o)
                0x0000000008000108                __aeabi_uidiv
                0x0000000008000108                __udivsi3
                0x0000000008000214                __aeabi_uidivmod
 .text          0x000000000800021c        0x4 c:/st/stm32cubeide_1.11.0/stm32cubeide/plugins/com.st.stm32cube.ide.mcu.externaltools.gnu-tools-for-stm32.10.3-2021.10.win32_1.0.100.202210260954/tools/bin/../lib/gcc/arm-none-eabi/10.3.1/thumb/v6-m/nofp\libgcc.a(_dvmd_tls.o)
                0x000000000800021c                __aeabi_idiv0
                0x000000000800021c                __aeabi_ldiv0
 *(.text*)
 .text.main     0x0000000008000220       0xc8 ./Core/Src/main.o
                0x0000000008000220                main
 .text.SystemClock_Config
                0x00000000080002e8       0x90 ./Core/Src/main.o
                0x00000000080002e8                SystemClock_Config
 .text.MX_NVIC_Init
                0x0000000008000378       0x3a ./Core/Src/main.o
 *fill*         0x00000000080003b2        0x2 
 .text.MX_GPIO_Init
                0x00000000080003b4      0x2e4 ./Core/Src/main.o
 .text.HAL_GPIO_EXTI_Callback
                0x0000000008000698      0x194 ./Core/Src/main.o
                0x0000000008000698                HAL_GPIO_EXTI_Callback
 .text.Delay    0x000000000800082c       0x20 ./Core/Src/main.o
                0x000000000800082c                Delay
 .text.CabelTestStart
                0x000000000800084c       0x9c ./Core/Src/main.o
                0x000000000800084c                CabelTestStart
 .text.GetPort  0x00000000080008e8       0x6c ./Core/Src/main.o
                0x00000000080008e8                GetPort
 .text.LedOn    0x0000000008000954       0x24 ./Core/Src/main.o
                0x0000000008000954                LedOn
 .text.LedOffAll
                0x0000000008000978       0x88 ./Core/Src/main.o
                0x0000000008000978                LedOffAll
 .text.SignalError
                0x0000000008000a00       0x40 ./Core/Src/main.o
                0x0000000008000a00                SignalError
 .text.Error_Handler
                0x0000000008000a40        0xa ./Core/Src/main.o
                0x0000000008000a40                Error_Handler
 *fill*         0x0000000008000a4a        0x2 
 .text.HAL_MspInit
                0x0000000008000a4c       0x58 ./Core/Src/stm32f0xx_hal_msp.o
                0x0000000008000a4c                HAL_MspInit
 .text.NMI_Handler
                0x0000000008000aa4        0x6 ./Core/Src/stm32f0xx_it.o
                0x0000000008000aa4                NMI_Handler
 .text.HardFault_Handler
                0x0000000008000aaa        0x6 ./Core/Src/stm32f0xx_it.o
                0x0000000008000aaa                HardFault_Handler
 .text.SVC_Handler
                0x0000000008000ab0        0xa ./Core/Src/stm32f0xx_it.o
                0x0000000008000ab0                SVC_Handler
 .text.PendSV_Handler
                0x0000000008000aba        0xa ./Core/Src/stm32f0xx_it.o
                0x0000000008000aba                PendSV_Handler
 .text.SysTick_Handler
                0x0000000008000ac4        0xe ./Core/Src/stm32f0xx_it.o
                0x0000000008000ac4                SysTick_Handler
 .text.EXTI0_1_IRQHandler
                0x0000000008000ad2       0x16 ./Core/Src/stm32f0xx_it.o
                0x0000000008000ad2                EXTI0_1_IRQHandler
 .text.EXTI2_3_IRQHandler
                0x0000000008000ae8       0x10 ./Core/Src/stm32f0xx_it.o
                0x0000000008000ae8                EXTI2_3_IRQHandler
 .text.EXTI4_15_IRQHandler
                0x0000000008000af8       0x58 ./Core/Src/stm32f0xx_it.o
                0x0000000008000af8                EXTI4_15_IRQHandler
 .text.SystemInit
                0x0000000008000b50        0xa ./Core/Src/system_stm32f0xx.o
                0x0000000008000b50                SystemInit
 *fill*         0x0000000008000b5a        0x2 
 .text.Reset_Handler
                0x0000000008000b5c       0x50 ./Core/Startup/startup_stm32f030r8tx.o
                0x0000000008000b5c                Reset_Handler
 .text.Default_Handler
                0x0000000008000bac        0x2 ./Core/Startup/startup_stm32f030r8tx.o
                0x0000000008000bac                TIM1_CC_IRQHandler
                0x0000000008000bac                TIM6_IRQHandler
                0x0000000008000bac                I2C1_IRQHandler
                0x0000000008000bac                SPI1_IRQHandler
                0x0000000008000bac                ADC1_IRQHandler
                0x0000000008000bac                I2C2_IRQHandler
                0x0000000008000bac                TIM17_IRQHandler
                0x0000000008000bac                RTC_IRQHandler
                0x0000000008000bac                TIM16_IRQHandler
                0x0000000008000bac                TIM3_IRQHandler
                0x0000000008000bac                RCC_IRQHandler
                0x0000000008000bac                DMA1_Channel1_IRQHandler
                0x0000000008000bac                Default_Handler
                0x0000000008000bac                TIM14_IRQHandler
                0x0000000008000bac                DMA1_Channel4_5_IRQHandler
                0x0000000008000bac                TIM15_IRQHandler
                0x0000000008000bac                SPI2_IRQHandler
                0x0000000008000bac                WWDG_IRQHandler
                0x0000000008000bac                DMA1_Channel2_3_IRQHandler
                0x0000000008000bac                USART2_IRQHandler
                0x0000000008000bac                FLASH_IRQHandler
                0x0000000008000bac                USART1_IRQHandler
                0x0000000008000bac                TIM1_BRK_UP_TRG_COM_IRQHandler
 *fill*         0x0000000008000bae        0x2 
 .text.HAL_Init
                0x0000000008000bb0       0x28 ./Drivers/STM32F0xx_HAL_Driver/Src/stm32f0xx_hal.o
                0x0000000008000bb0                HAL_Init
 .text.HAL_InitTick
                0x0000000008000bd8       0x68 ./Drivers/STM32F0xx_HAL_Driver/Src/stm32f0xx_hal.o
                0x0000000008000bd8                HAL_InitTick
 .text.HAL_IncTick
                0x0000000008000c40       0x24 ./Drivers/STM32F0xx_HAL_Driver/Src/stm32f0xx_hal.o
                0x0000000008000c40                HAL_IncTick
 .text.HAL_GetTick
                0x0000000008000c64       0x14 ./Drivers/STM32F0xx_HAL_Driver/Src/stm32f0xx_hal.o
                0x0000000008000c64                HAL_GetTick
 .text.__NVIC_EnableIRQ
                0x0000000008000c78       0x34 ./Drivers/STM32F0xx_HAL_Driver/Src/stm32f0xx_hal_cortex.o
 .text.__NVIC_SetPriority
                0x0000000008000cac       0xdc ./Drivers/STM32F0xx_HAL_Driver/Src/stm32f0xx_hal_cortex.o
 .text.SysTick_Config
                0x0000000008000d88       0x48 ./Drivers/STM32F0xx_HAL_Driver/Src/stm32f0xx_hal_cortex.o
 .text.HAL_NVIC_SetPriority
                0x0000000008000dd0       0x2a ./Drivers/STM32F0xx_HAL_Driver/Src/stm32f0xx_hal_cortex.o
                0x0000000008000dd0                HAL_NVIC_SetPriority
 .text.HAL_NVIC_EnableIRQ
                0x0000000008000dfa       0x20 ./Drivers/STM32F0xx_HAL_Driver/Src/stm32f0xx_hal_cortex.o
                0x0000000008000dfa                HAL_NVIC_EnableIRQ
 .text.HAL_SYSTICK_Config
                0x0000000008000e1a       0x1a ./Drivers/STM32F0xx_HAL_Driver/Src/stm32f0xx_hal_cortex.o
                0x0000000008000e1a                HAL_SYSTICK_Config
 .text.HAL_GPIO_Init
                0x0000000008000e34      0x2e0 ./Drivers/STM32F0xx_HAL_Driver/Src/stm32f0xx_hal_gpio.o
                0x0000000008000e34                HAL_GPIO_Init
 .text.HAL_GPIO_ReadPin
                0x0000000008001114       0x3a ./Drivers/STM32F0xx_HAL_Driver/Src/stm32f0xx_hal_gpio.o
                0x0000000008001114                HAL_GPIO_ReadPin
 .text.HAL_GPIO_WritePin
                0x000000000800114e       0x3a ./Drivers/STM32F0xx_HAL_Driver/Src/stm32f0xx_hal_gpio.o
                0x000000000800114e                HAL_GPIO_WritePin
 .text.HAL_GPIO_EXTI_IRQHandler
                0x0000000008001188       0x38 ./Drivers/STM32F0xx_HAL_Driver/Src/stm32f0xx_hal_gpio.o
                0x0000000008001188                HAL_GPIO_EXTI_IRQHandler
 .text.HAL_RCC_OscConfig
                0x00000000080011c0      0x634 ./Drivers/STM32F0xx_HAL_Driver/Src/stm32f0xx_hal_rcc.o
                0x00000000080011c0                HAL_RCC_OscConfig
 .text.HAL_RCC_ClockConfig
                0x00000000080017f4      0x19c ./Drivers/STM32F0xx_HAL_Driver/Src/stm32f0xx_hal_rcc.o
                0x00000000080017f4                HAL_RCC_ClockConfig
 .text.HAL_RCC_GetSysClockFreq
                0x0000000008001990       0xc8 ./Drivers/STM32F0xx_HAL_Driver/Src/stm32f0xx_hal_rcc.o
                0x0000000008001990                HAL_RCC_GetSysClockFreq
 .text.__libc_init_array
                0x0000000008001a58       0x48 c:/st/stm32cubeide_1.11.0/stm32cubeide/plugins/com.st.stm32cube.ide.mcu.externaltools.gnu-tools-for-stm32.10.3-2021.10.win32_1.0.100.202210260954/tools/bin/../lib/gcc/arm-none-eabi/10.3.1/../../../../arm-none-eabi/lib/thumb/v6-m/nofp\libc_nano.a(lib_a-init.o)
                0x0000000008001a58                __libc_init_array
 .text.memset   0x0000000008001aa0       0x10 c:/st/stm32cubeide_1.11.0/stm32cubeide/plugins/com.st.stm32cube.ide.mcu.externaltools.gnu-tools-for-stm32.10.3-2021.10.win32_1.0.100.202210260954/tools/bin/../lib/gcc/arm-none-eabi/10.3.1/../../../../arm-none-eabi/lib/thumb/v6-m/nofp\libc_nano.a(lib_a-memset.o)
                0x0000000008001aa0                memset
 *(.glue_7)
 .glue_7        0x0000000008001ab0        0x0 linker stubs
 *(.glue_7t)
 .glue_7t       0x0000000008001ab0        0x0 linker stubs
 *(.eh_frame)
 .eh_frame      0x0000000008001ab0        0x0 c:/st/stm32cubeide_1.11.0/stm32cubeide/plugins/com.st.stm32cube.ide.mcu.externaltools.gnu-tools-for-stm32.10.3-2021.10.win32_1.0.100.202210260954/tools/bin/../lib/gcc/arm-none-eabi/10.3.1/thumb/v6-m/nofp/crtbegin.o
 *(.init)
 .init          0x0000000008001ab0        0x4 c:/st/stm32cubeide_1.11.0/stm32cubeide/plugins/com.st.stm32cube.ide.mcu.externaltools.gnu-tools-for-stm32.10.3-2021.10.win32_1.0.100.202210260954/tools/bin/../lib/gcc/arm-none-eabi/10.3.1/thumb/v6-m/nofp/crti.o
                0x0000000008001ab0                _init
 .init          0x0000000008001ab4        0x8 c:/st/stm32cubeide_1.11.0/stm32cubeide/plugins/com.st.stm32cube.ide.mcu.externaltools.gnu-tools-for-stm32.10.3-2021.10.win32_1.0.100.202210260954/tools/bin/../lib/gcc/arm-none-eabi/10.3.1/thumb/v6-m/nofp/crtn.o
 *(.fini)
 .fini          0x0000000008001abc        0x4 c:/st/stm32cubeide_1.11.0/stm32cubeide/plugins/com.st.stm32cube.ide.mcu.externaltools.gnu-tools-for-stm32.10.3-2021.10.win32_1.0.100.202210260954/tools/bin/../lib/gcc/arm-none-eabi/10.3.1/thumb/v6-m/nofp/crti.o
                0x0000000008001abc                _fini
 .fini          0x0000000008001ac0        0x8 c:/st/stm32cubeide_1.11.0/stm32cubeide/plugins/com.st.stm32cube.ide.mcu.externaltools.gnu-tools-for-stm32.10.3-2021.10.win32_1.0.100.202210260954/tools/bin/../lib/gcc/arm-none-eabi/10.3.1/thumb/v6-m/nofp/crtn.o
                0x0000000008001ac8                . = ALIGN (0x4)
                0x0000000008001ac8                _etext = .

.vfp11_veneer   0x0000000008001ac8        0x0
 .vfp11_veneer  0x0000000008001ac8        0x0 linker stubs

.v4_bx          0x0000000008001ac8        0x0
 .v4_bx         0x0000000008001ac8        0x0 linker stubs

.iplt           0x0000000008001ac8        0x0
 .iplt          0x0000000008001ac8        0x0 c:/st/stm32cubeide_1.11.0/stm32cubeide/plugins/com.st.stm32cube.ide.mcu.externaltools.gnu-tools-for-stm32.10.3-2021.10.win32_1.0.100.202210260954/tools/bin/../lib/gcc/arm-none-eabi/10.3.1/thumb/v6-m/nofp/crtbegin.o

.rodata         0x0000000008001ac8       0x74
                0x0000000008001ac8                . = ALIGN (0x4)
 *(.rodata)
 .rodata        0x0000000008001ac8       0x20 ./Drivers/STM32F0xx_HAL_Driver/Src/stm32f0xx_hal_rcc.o
 *(.rodata*)
 .rodata.Cabel_Pin
                0x0000000008001ae8       0x16 ./Core/Src/main.o
                0x0000000008001ae8                Cabel_Pin
 *fill*         0x0000000008001afe        0x2 
 .rodata.GetPort
                0x0000000008001b00       0x2c ./Core/Src/main.o
 .rodata.AHBPrescTable
                0x0000000008001b2c       0x10 ./Core/Src/system_stm32f0xx.o
                0x0000000008001b2c                AHBPrescTable
                0x0000000008001b3c                . = ALIGN (0x4)

.rel.dyn        0x0000000008001b3c        0x0
 .rel.iplt      0x0000000008001b3c        0x0 c:/st/stm32cubeide_1.11.0/stm32cubeide/plugins/com.st.stm32cube.ide.mcu.externaltools.gnu-tools-for-stm32.10.3-2021.10.win32_1.0.100.202210260954/tools/bin/../lib/gcc/arm-none-eabi/10.3.1/thumb/v6-m/nofp/crtbegin.o

.ARM.extab      0x0000000008001b3c        0x0
                0x0000000008001b3c                . = ALIGN (0x4)
 *(.ARM.extab* .gnu.linkonce.armextab.*)
                0x0000000008001b3c                . = ALIGN (0x4)

.ARM            0x0000000008001b3c        0x0
                0x0000000008001b3c                . = ALIGN (0x4)
                0x0000000008001b3c                __exidx_start = .
 *(.ARM.exidx*)
                0x0000000008001b3c                __exidx_end = .
                0x0000000008001b3c                . = ALIGN (0x4)

.preinit_array  0x0000000008001b3c        0x0
                0x0000000008001b3c                . = ALIGN (0x4)
                0x0000000008001b3c                PROVIDE (__preinit_array_start = .)
 *(.preinit_array*)
                0x0000000008001b3c                PROVIDE (__preinit_array_end = .)
                0x0000000008001b3c                . = ALIGN (0x4)

.init_array     0x0000000008001b3c        0x4
                0x0000000008001b3c                . = ALIGN (0x4)
                0x0000000008001b3c                PROVIDE (__init_array_start = .)
 *(SORT_BY_NAME(.init_array.*))
 *(.init_array*)
 .init_array    0x0000000008001b3c        0x4 c:/st/stm32cubeide_1.11.0/stm32cubeide/plugins/com.st.stm32cube.ide.mcu.externaltools.gnu-tools-for-stm32.10.3-2021.10.win32_1.0.100.202210260954/tools/bin/../lib/gcc/arm-none-eabi/10.3.1/thumb/v6-m/nofp/crtbegin.o
                0x0000000008001b40                PROVIDE (__init_array_end = .)
                0x0000000008001b40                . = ALIGN (0x4)

.fini_array     0x0000000008001b40        0x4
                0x0000000008001b40                . = ALIGN (0x4)
                [!provide]                        PROVIDE (__fini_array_start = .)
 *(SORT_BY_NAME(.fini_array.*))
 *(.fini_array*)
 .fini_array    0x0000000008001b40        0x4 c:/st/stm32cubeide_1.11.0/stm32cubeide/plugins/com.st.stm32cube.ide.mcu.externaltools.gnu-tools-for-stm32.10.3-2021.10.win32_1.0.100.202210260954/tools/bin/../lib/gcc/arm-none-eabi/10.3.1/thumb/v6-m/nofp/crtbegin.o
                [!provide]                        PROVIDE (__fini_array_end = .)
                0x0000000008001b44                . = ALIGN (0x4)
                0x0000000008001b44                _sidata = LOADADDR (.data)

.data           0x0000000020000000       0x50 load address 0x0000000008001b44
                0x0000000020000000                . = ALIGN (0x4)
                0x0000000020000000                _sdata = .
 *(.data)
 *(.data*)
 .data.PortLed  0x0000000020000000       0x2c ./Core/Src/main.o
                0x0000000020000000                PortLed
 .data.PinLed   0x000000002000002c       0x16 ./Core/Src/main.o
                0x000000002000002c                PinLed
 *fill*         0x0000000020000042        0x2 
 .data.SystemCoreClock
                0x0000000020000044        0x4 ./Core/Src/system_stm32f0xx.o
                0x0000000020000044                SystemCoreClock
 .data.uwTickPrio
                0x0000000020000048        0x4 ./Drivers/STM32F0xx_HAL_Driver/Src/stm32f0xx_hal.o
                0x0000000020000048                uwTickPrio
 .data.uwTickFreq
                0x000000002000004c        0x1 ./Drivers/STM32F0xx_HAL_Driver/Src/stm32f0xx_hal.o
                0x000000002000004c                uwTickFreq
 *(.RamFunc)
 *(.RamFunc*)
                0x0000000020000050                . = ALIGN (0x4)
 *fill*         0x000000002000004d        0x3 
                0x0000000020000050                _edata = .

.igot.plt       0x0000000020000050        0x0 load address 0x0000000008001b94
 .igot.plt      0x0000000020000050        0x0 c:/st/stm32cubeide_1.11.0/stm32cubeide/plugins/com.st.stm32cube.ide.mcu.externaltools.gnu-tools-for-stm32.10.3-2021.10.win32_1.0.100.202210260954/tools/bin/../lib/gcc/arm-none-eabi/10.3.1/thumb/v6-m/nofp/crtbegin.o
                0x0000000020000050                . = ALIGN (0x4)

.bss            0x0000000020000050       0x3c load address 0x0000000008001b94
                0x0000000020000050                _sbss = .
                0x0000000020000050                __bss_start__ = _sbss
 *(.bss)
 .bss           0x0000000020000050       0x1c c:/st/stm32cubeide_1.11.0/stm32cubeide/plugins/com.st.stm32cube.ide.mcu.externaltools.gnu-tools-for-stm32.10.3-2021.10.win32_1.0.100.202210260954/tools/bin/../lib/gcc/arm-none-eabi/10.3.1/thumb/v6-m/nofp/crtbegin.o
 *(.bss*)
 .bss.StartTest
                0x000000002000006c        0x1 ./Core/Src/main.o
                0x000000002000006c                StartTest
 .bss.ErrorTest
                0x000000002000006d        0x1 ./Core/Src/main.o
 *fill*         0x000000002000006e        0x2 
 .bss.ResPinTest
                0x0000000020000070       0x16 ./Core/Src/main.o
 .bss.TestState
                0x0000000020000086        0x1 ./Core/Src/main.o
 .bss.TestRes   0x0000000020000087        0x1 ./Core/Src/main.o
 .bss.uwTick    0x0000000020000088        0x4 ./Drivers/STM32F0xx_HAL_Driver/Src/stm32f0xx_hal.o
                0x0000000020000088                uwTick
 *(COMMON)
                0x000000002000008c                . = ALIGN (0x4)
                0x000000002000008c                _ebss = .
                0x000000002000008c                __bss_end__ = _ebss

._user_heap_stack
                0x000000002000008c      0x604 load address 0x0000000008001b94
                0x0000000020000090                . = ALIGN (0x8)
 *fill*         0x000000002000008c        0x4 
                [!provide]                        PROVIDE (end = .)
                0x0000000020000090                PROVIDE (_end = .)
                0x0000000020000290                . = (. + _Min_Heap_Size)
 *fill*         0x0000000020000090      0x200 
                0x0000000020000690                . = (. + _Min_Stack_Size)
 *fill*         0x0000000020000290      0x400 
                0x0000000020000690                . = ALIGN (0x8)

/DISCARD/
 libc.a(*)
 libm.a(*)
 libgcc.a(*)

.ARM.attributes
                0x0000000000000000       0x28
 *(.ARM.attributes)
 .ARM.attributes
                0x0000000000000000       0x1e c:/st/stm32cubeide_1.11.0/stm32cubeide/plugins/com.st.stm32cube.ide.mcu.externaltools.gnu-tools-for-stm32.10.3-2021.10.win32_1.0.100.202210260954/tools/bin/../lib/gcc/arm-none-eabi/10.3.1/thumb/v6-m/nofp/crti.o
 .ARM.attributes
                0x000000000000001e       0x2c c:/st/stm32cubeide_1.11.0/stm32cubeide/plugins/com.st.stm32cube.ide.mcu.externaltools.gnu-tools-for-stm32.10.3-2021.10.win32_1.0.100.202210260954/tools/bin/../lib/gcc/arm-none-eabi/10.3.1/thumb/v6-m/nofp/crtbegin.o
 .ARM.attributes
                0x000000000000004a       0x2c ./Core/Src/main.o
 .ARM.attributes
                0x0000000000000076       0x2c ./Core/Src/stm32f0xx_hal_msp.o
 .ARM.attributes
                0x00000000000000a2       0x2c ./Core/Src/stm32f0xx_it.o
 .ARM.attributes
                0x00000000000000ce       0x2c ./Core/Src/system_stm32f0xx.o
 .ARM.attributes
                0x00000000000000fa       0x21 ./Core/Startup/startup_stm32f030r8tx.o
 .ARM.attributes
                0x000000000000011b       0x2c ./Drivers/STM32F0xx_HAL_Driver/Src/stm32f0xx_hal.o
 .ARM.attributes
                0x0000000000000147       0x2c ./Drivers/STM32F0xx_HAL_Driver/Src/stm32f0xx_hal_cortex.o
 .ARM.attributes
                0x0000000000000173       0x2c ./Drivers/STM32F0xx_HAL_Driver/Src/stm32f0xx_hal_gpio.o
 .ARM.attributes
                0x000000000000019f       0x2c ./Drivers/STM32F0xx_HAL_Driver/Src/stm32f0xx_hal_rcc.o
 .ARM.attributes
                0x00000000000001cb       0x2c c:/st/stm32cubeide_1.11.0/stm32cubeide/plugins/com.st.stm32cube.ide.mcu.externaltools.gnu-tools-for-stm32.10.3-2021.10.win32_1.0.100.202210260954/tools/bin/../lib/gcc/arm-none-eabi/10.3.1/../../../../arm-none-eabi/lib/thumb/v6-m/nofp\libc_nano.a(lib_a-init.o)
 .ARM.attributes
                0x00000000000001f7       0x2c c:/st/stm32cubeide_1.11.0/stm32cubeide/plugins/com.st.stm32cube.ide.mcu.externaltools.gnu-tools-for-stm32.10.3-2021.10.win32_1.0.100.202210260954/tools/bin/../lib/gcc/arm-none-eabi/10.3.1/../../../../arm-none-eabi/lib/thumb/v6-m/nofp\libc_nano.a(lib_a-memset.o)
 .ARM.attributes
                0x0000000000000223       0x1e c:/st/stm32cubeide_1.11.0/stm32cubeide/plugins/com.st.stm32cube.ide.mcu.externaltools.gnu-tools-for-stm32.10.3-2021.10.win32_1.0.100.202210260954/tools/bin/../lib/gcc/arm-none-eabi/10.3.1/thumb/v6-m/nofp\libgcc.a(_udivsi3.o)
 .ARM.attributes
                0x0000000000000241       0x1e c:/st/stm32cubeide_1.11.0/stm32cubeide/plugins/com.st.stm32cube.ide.mcu.externaltools.gnu-tools-for-stm32.10.3-2021.10.win32_1.0.100.202210260954/tools/bin/../lib/gcc/arm-none-eabi/10.3.1/thumb/v6-m/nofp\libgcc.a(_dvmd_tls.o)
 .ARM.attributes
                0x000000000000025f       0x1e c:/st/stm32cubeide_1.11.0/stm32cubeide/plugins/com.st.stm32cube.ide.mcu.externaltools.gnu-tools-for-stm32.10.3-2021.10.win32_1.0.100.202210260954/tools/bin/../lib/gcc/arm-none-eabi/10.3.1/thumb/v6-m/nofp/crtn.o
OUTPUT(tester.elf elf32-littlearm)
LOAD linker stubs
LOAD c:/st/stm32cubeide_1.11.0/stm32cubeide/plugins/com.st.stm32cube.ide.mcu.externaltools.gnu-tools-for-stm32.10.3-2021.10.win32_1.0.100.202210260954/tools/bin/../lib/gcc/arm-none-eabi/10.3.1/../../../../arm-none-eabi/lib/thumb/v6-m/nofp\libc.a
LOAD c:/st/stm32cubeide_1.11.0/stm32cubeide/plugins/com.st.stm32cube.ide.mcu.externaltools.gnu-tools-for-stm32.10.3-2021.10.win32_1.0.100.202210260954/tools/bin/../lib/gcc/arm-none-eabi/10.3.1/../../../../arm-none-eabi/lib/thumb/v6-m/nofp\libm.a
LOAD c:/st/stm32cubeide_1.11.0/stm32cubeide/plugins/com.st.stm32cube.ide.mcu.externaltools.gnu-tools-for-stm32.10.3-2021.10.win32_1.0.100.202210260954/tools/bin/../lib/gcc/arm-none-eabi/10.3.1/thumb/v6-m/nofp\libgcc.a

.debug_info     0x0000000000000000     0x2c2c
 .debug_info    0x0000000000000000      0x962 ./Core/Src/main.o
 .debug_info    0x0000000000000962      0x2b5 ./Core/Src/stm32f0xx_hal_msp.o
 .debug_info    0x0000000000000c17      0x13b ./Core/Src/stm32f0xx_it.o
 .debug_info    0x0000000000000d52      0x269 ./Core/Src/system_stm32f0xx.o
 .debug_info    0x0000000000000fbb       0x22 ./Core/Startup/startup_stm32f030r8tx.o
 .debug_info    0x0000000000000fdd      0x6bb ./Drivers/STM32F0xx_HAL_Driver/Src/stm32f0xx_hal.o
 .debug_info    0x0000000000001698      0x6f9 ./Drivers/STM32F0xx_HAL_Driver/Src/stm32f0xx_hal_cortex.o
 .debug_info    0x0000000000001d91      0x613 ./Drivers/STM32F0xx_HAL_Driver/Src/stm32f0xx_hal_gpio.o
 .debug_info    0x00000000000023a4      0x888 ./Drivers/STM32F0xx_HAL_Driver/Src/stm32f0xx_hal_rcc.o

.debug_abbrev   0x0000000000000000      0xee3
 .debug_abbrev  0x0000000000000000      0x319 ./Core/Src/main.o
 .debug_abbrev  0x0000000000000319      0x103 ./Core/Src/stm32f0xx_hal_msp.o
 .debug_abbrev  0x000000000000041c       0x9f ./Core/Src/stm32f0xx_it.o
 .debug_abbrev  0x00000000000004bb      0x116 ./Core/Src/system_stm32f0xx.o
 .debug_abbrev  0x00000000000005d1       0x12 ./Core/Startup/startup_stm32f030r8tx.o
 .debug_abbrev  0x00000000000005e3      0x23f ./Drivers/STM32F0xx_HAL_Driver/Src/stm32f0xx_hal.o
 .debug_abbrev  0x0000000000000822      0x283 ./Drivers/STM32F0xx_HAL_Driver/Src/stm32f0xx_hal_cortex.o
 .debug_abbrev  0x0000000000000aa5      0x1bb ./Drivers/STM32F0xx_HAL_Driver/Src/stm32f0xx_hal_gpio.o
 .debug_abbrev  0x0000000000000c60      0x283 ./Drivers/STM32F0xx_HAL_Driver/Src/stm32f0xx_hal_rcc.o

.debug_aranges  0x0000000000000000      0x3b8
 .debug_aranges
                0x0000000000000000       0x88 ./Core/Src/main.o
 .debug_aranges
                0x0000000000000088       0x20 ./Core/Src/stm32f0xx_hal_msp.o
 .debug_aranges
                0x00000000000000a8       0x58 ./Core/Src/stm32f0xx_it.o
 .debug_aranges
                0x0000000000000100       0x28 ./Core/Src/system_stm32f0xx.o
 .debug_aranges
                0x0000000000000128       0x28 ./Core/Startup/startup_stm32f030r8tx.o
 .debug_aranges
                0x0000000000000150       0xd0 ./Drivers/STM32F0xx_HAL_Driver/Src/stm32f0xx_hal.o
 .debug_aranges
                0x0000000000000220       0xc0 ./Drivers/STM32F0xx_HAL_Driver/Src/stm32f0xx_hal_cortex.o
 .debug_aranges
                0x00000000000002e0       0x58 ./Drivers/STM32F0xx_HAL_Driver/Src/stm32f0xx_hal_gpio.o
 .debug_aranges
                0x0000000000000338       0x80 ./Drivers/STM32F0xx_HAL_Driver/Src/stm32f0xx_hal_rcc.o

.debug_ranges   0x0000000000000000      0x330
 .debug_ranges  0x0000000000000000       0x78 ./Core/Src/main.o
 .debug_ranges  0x0000000000000078       0x10 ./Core/Src/stm32f0xx_hal_msp.o
 .debug_ranges  0x0000000000000088       0x48 ./Core/Src/stm32f0xx_it.o
 .debug_ranges  0x00000000000000d0       0x18 ./Core/Src/system_stm32f0xx.o
 .debug_ranges  0x00000000000000e8       0x20 ./Core/Startup/startup_stm32f030r8tx.o
 .debug_ranges  0x0000000000000108       0xc0 ./Drivers/STM32F0xx_HAL_Driver/Src/stm32f0xx_hal.o
 .debug_ranges  0x00000000000001c8       0xb0 ./Drivers/STM32F0xx_HAL_Driver/Src/stm32f0xx_hal_cortex.o
 .debug_ranges  0x0000000000000278       0x48 ./Drivers/STM32F0xx_HAL_Driver/Src/stm32f0xx_hal_gpio.o
 .debug_ranges  0x00000000000002c0       0x70 ./Drivers/STM32F0xx_HAL_Driver/Src/stm32f0xx_hal_rcc.o

.debug_macro    0x0000000000000000     0xe26d
 .debug_macro   0x0000000000000000      0x1c5 ./Core/Src/main.o
 .debug_macro   0x00000000000001c5      0xa4e ./Core/Src/main.o
 .debug_macro   0x0000000000000c13      0x127 ./Core/Src/main.o
 .debug_macro   0x0000000000000d3a       0x2e ./Core/Src/main.o
 .debug_macro   0x0000000000000d68       0x22 ./Core/Src/main.o
 .debug_macro   0x0000000000000d8a       0x22 ./Core/Src/main.o
 .debug_macro   0x0000000000000dac       0x8e ./Core/Src/main.o
 .debug_macro   0x0000000000000e3a       0x51 ./Core/Src/main.o
 .debug_macro   0x0000000000000e8b      0x103 ./Core/Src/main.o
 .debug_macro   0x0000000000000f8e       0x6a ./Core/Src/main.o
 .debug_macro   0x0000000000000ff8      0x1df ./Core/Src/main.o
 .debug_macro   0x00000000000011d7       0x1c ./Core/Src/main.o
 .debug_macro   0x00000000000011f3       0x22 ./Core/Src/main.o
 .debug_macro   0x0000000000001215       0xaf ./Core/Src/main.o
 .debug_macro   0x00000000000012c4      0x391 ./Core/Src/main.o
 .debug_macro   0x0000000000001655     0x6f40 ./Core/Src/main.o
 .debug_macro   0x0000000000008595       0x66 ./Core/Src/main.o
 .debug_macro   0x00000000000085fb     0x34a6 ./Core/Src/main.o
 .debug_macro   0x000000000000baa1      0x174 ./Core/Src/main.o
 .debug_macro   0x000000000000bc15       0x55 ./Core/Src/main.o
 .debug_macro   0x000000000000bc6a      0x924 ./Core/Src/main.o
 .debug_macro   0x000000000000c58e      0x17f ./Core/Src/main.o
 .debug_macro   0x000000000000c70d      0x1af ./Core/Src/main.o
 .debug_macro   0x000000000000c8bc       0xd9 ./Core/Src/main.o
 .debug_macro   0x000000000000c995      0x1a0 ./Core/Src/main.o
 .debug_macro   0x000000000000cb35      0x1ed ./Core/Src/main.o
 .debug_macro   0x000000000000cd22       0x34 ./Core/Src/main.o
 .debug_macro   0x000000000000cd56       0x43 ./Core/Src/main.o
 .debug_macro   0x000000000000cd99       0x28 ./Core/Src/main.o
 .debug_macro   0x000000000000cdc1       0xb0 ./Core/Src/main.o
 .debug_macro   0x000000000000ce71      0x199 ./Core/Src/main.o
 .debug_macro   0x000000000000d00a      0x22c ./Core/Src/main.o
 .debug_macro   0x000000000000d236       0x61 ./Core/Src/main.o
 .debug_macro   0x000000000000d297       0xa5 ./Core/Src/main.o
 .debug_macro   0x000000000000d33c       0x4c ./Core/Src/main.o
 .debug_macro   0x000000000000d388       0x2b ./Core/Src/main.o
 .debug_macro   0x000000000000d3b3       0xff ./Core/Src/main.o
 .debug_macro   0x000000000000d4b2      0x220 ./Core/Src/main.o
 .debug_macro   0x000000000000d6d2      0x1a9 ./Core/Src/stm32f0xx_hal_msp.o
 .debug_macro   0x000000000000d87b      0x1b3 ./Core/Src/stm32f0xx_it.o
 .debug_macro   0x000000000000da2e      0x19a ./Core/Src/system_stm32f0xx.o
 .debug_macro   0x000000000000dbc8      0x1be ./Drivers/STM32F0xx_HAL_Driver/Src/stm32f0xx_hal.o
 .debug_macro   0x000000000000dd86      0x19a ./Drivers/STM32F0xx_HAL_Driver/Src/stm32f0xx_hal_cortex.o
 .debug_macro   0x000000000000df20      0x1a1 ./Drivers/STM32F0xx_HAL_Driver/Src/stm32f0xx_hal_gpio.o
 .debug_macro   0x000000000000e0c1      0x1ac ./Drivers/STM32F0xx_HAL_Driver/Src/stm32f0xx_hal_rcc.o

.debug_line     0x0000000000000000     0x488f
 .debug_line    0x0000000000000000      0x980 ./Core/Src/main.o
 .debug_line    0x0000000000000980      0x67d ./Core/Src/stm32f0xx_hal_msp.o
 .debug_line    0x0000000000000ffd      0x731 ./Core/Src/stm32f0xx_it.o
 .debug_line    0x000000000000172e      0x6eb ./Core/Src/system_stm32f0xx.o
 .debug_line    0x0000000000001e19       0x89 ./Core/Startup/startup_stm32f030r8tx.o
 .debug_line    0x0000000000001ea2      0x8f6 ./Drivers/STM32F0xx_HAL_Driver/Src/stm32f0xx_hal.o
 .debug_line    0x0000000000002798      0x9a2 ./Drivers/STM32F0xx_HAL_Driver/Src/stm32f0xx_hal_cortex.o
 .debug_line    0x000000000000313a      0xa73 ./Drivers/STM32F0xx_HAL_Driver/Src/stm32f0xx_hal_gpio.o
 .debug_line    0x0000000000003bad      0xce2 ./Drivers/STM32F0xx_HAL_Driver/Src/stm32f0xx_hal_rcc.o

.debug_str      0x0000000000000000    0x54f69
 .debug_str     0x0000000000000000    0x54572 ./Core/Src/main.o
                                      0x54877 (size before relaxing)
 .debug_str     0x0000000000054572       0x2c ./Core/Src/stm32f0xx_hal_msp.o
                                      0x544f3 (size before relaxing)
 .debug_str     0x000000000005459e       0xd5 ./Core/Src/stm32f0xx_it.o
                                      0x5438f (size before relaxing)
 .debug_str     0x0000000000054673       0x8b ./Core/Src/system_stm32f0xx.o
                                      0x53b49 (size before relaxing)
 .debug_str     0x00000000000546fe       0x36 ./Core/Startup/startup_stm32f030r8tx.o
                                         0x70 (size before relaxing)
 .debug_str     0x0000000000054734      0x384 ./Drivers/STM32F0xx_HAL_Driver/Src/stm32f0xx_hal.o
                                      0x540da (size before relaxing)
 .debug_str     0x0000000000054ab8      0x1bf ./Drivers/STM32F0xx_HAL_Driver/Src/stm32f0xx_hal_cortex.o
                                      0x53ecb (size before relaxing)
 .debug_str     0x0000000000054c77       0xd8 ./Drivers/STM32F0xx_HAL_Driver/Src/stm32f0xx_hal_gpio.o
                                      0x53cea (size before relaxing)
 .debug_str     0x0000000000054d4f      0x21a ./Drivers/STM32F0xx_HAL_Driver/Src/stm32f0xx_hal_rcc.o
                                      0x53f85 (size before relaxing)

.comment        0x0000000000000000       0x50
 .comment       0x0000000000000000       0x50 ./Core/Src/main.o
                                         0x51 (size before relaxing)
 .comment       0x0000000000000050       0x51 ./Core/Src/stm32f0xx_hal_msp.o
 .comment       0x0000000000000050       0x51 ./Core/Src/stm32f0xx_it.o
 .comment       0x0000000000000050       0x51 ./Core/Src/system_stm32f0xx.o
 .comment       0x0000000000000050       0x51 ./Drivers/STM32F0xx_HAL_Driver/Src/stm32f0xx_hal.o
 .comment       0x0000000000000050       0x51 ./Drivers/STM32F0xx_HAL_Driver/Src/stm32f0xx_hal_cortex.o
 .comment       0x0000000000000050       0x51 ./Drivers/STM32F0xx_HAL_Driver/Src/stm32f0xx_hal_gpio.o
 .comment       0x0000000000000050       0x51 ./Drivers/STM32F0xx_HAL_Driver/Src/stm32f0xx_hal_rcc.o

.debug_frame    0x0000000000000000      0xb80
 .debug_frame   0x0000000000000000      0x1bc ./Core/Src/main.o
 .debug_frame   0x00000000000001bc       0x30 ./Core/Src/stm32f0xx_hal_msp.o
 .debug_frame   0x00000000000001ec       0xf0 ./Core/Src/stm32f0xx_it.o
 .debug_frame   0x00000000000002dc       0x4c ./Core/Src/system_stm32f0xx.o
 .debug_frame   0x0000000000000328      0x2a4 ./Drivers/STM32F0xx_HAL_Driver/Src/stm32f0xx_hal.o
 .debug_frame   0x00000000000005cc      0x2a0 ./Drivers/STM32F0xx_HAL_Driver/Src/stm32f0xx_hal_cortex.o
 .debug_frame   0x000000000000086c      0x110 ./Drivers/STM32F0xx_HAL_Driver/Src/stm32f0xx_hal_gpio.o
 .debug_frame   0x000000000000097c      0x198 ./Drivers/STM32F0xx_HAL_Driver/Src/stm32f0xx_hal_rcc.o
 .debug_frame   0x0000000000000b14       0x2c c:/st/stm32cubeide_1.11.0/stm32cubeide/plugins/com.st.stm32cube.ide.mcu.externaltools.gnu-tools-for-stm32.10.3-2021.10.win32_1.0.100.202210260954/tools/bin/../lib/gcc/arm-none-eabi/10.3.1/../../../../arm-none-eabi/lib/thumb/v6-m/nofp\libc_nano.a(lib_a-init.o)
 .debug_frame   0x0000000000000b40       0x20 c:/st/stm32cubeide_1.11.0/stm32cubeide/plugins/com.st.stm32cube.ide.mcu.externaltools.gnu-tools-for-stm32.10.3-2021.10.win32_1.0.100.202210260954/tools/bin/../lib/gcc/arm-none-eabi/10.3.1/../../../../arm-none-eabi/lib/thumb/v6-m/nofp\libc_nano.a(lib_a-memset.o)
 .debug_frame   0x0000000000000b60       0x20 c:/st/stm32cubeide_1.11.0/stm32cubeide/plugins/com.st.stm32cube.ide.mcu.externaltools.gnu-tools-for-stm32.10.3-2021.10.win32_1.0.100.202210260954/tools/bin/../lib/gcc/arm-none-eabi/10.3.1/thumb/v6-m/nofp\libgcc.a(_udivsi3.o)
