../Core/Src/main.c:109:6:SystemClock_Config	80	static,ignoring_inline_asm
../Core/Src/main.c:64:5:main	64	static
../Core/Src/main.c:265:6:TestCase	0	static
../Core/Src/main.c:359:6:Delay	0	static
../Core/Src/main.c:401:15:GetPort	0	static
../Core/Src/main.c:444:6:LedOn	8	static
../Core/Src/main.c:449:6:LedOff	8	static
../Core/Src/main.c:454:6:LedOffAll	8	static
../Core/Src/main.c:473:6:SignalError	8	static
../Core/Src/main.c:364:6:CabelTestStart	24	static
../Core/Src/main.c:273:6:HAL_GPIO_EXTI_Callback	8	static
../Core/Src/main.c:490:6:Error_Handler	0	static,ignoring_inline_asm
