../Core/Src/main.c:117:6:SystemClock_Config	96	static
../Core/Src/main.c:71:5:main	64	static
../Core/Src/main.c:353:6:TestCase	0	static
../Core/Src/main.c:457:6:Delay	0	static
../Core/Src/main.c:508:15:GetPort	0	static
../Core/Src/main.c:551:6:LedOn	8	static
../Core/Src/main.c:556:6:LedOff	8	static
../Core/Src/main.c:561:6:LedOffAll	8	static
../Core/Src/main.c:584:6:SignalError	8	static
../Core/Src/main.c:465:6:CabelTestStart	24	static
../Core/Src/main.c:363:6:HAL_GPIO_EXTI_Callback	8	static
../Core/Src/main.c:602:6:Error_Handler	0	static
