../Core/Src/main.c:69:5:main	16	static
../Core/Src/main.c:146:6:SystemClock_Config	80	static
../Core/Src/main.c:183:13:MX_NVIC_Init	8	static
../Core/Src/main.c:201:13:MX_GPIO_Init	56	static
../Core/Src/main.c:331:6:TestCase	8	static
../Core/Src/main.c:341:6:HAL_GPIO_EXTI_Callback	16	static
../Core/Src/main.c:426:6:Delay	16	static
../Core/Src/main.c:433:6:CabelTestStart	16	static
../Core/Src/main.c:457:15:GetPort	16	static
../Core/Src/main.c:500:6:LedOn	16	static
../Core/Src/main.c:505:6:LedOff	16	static
../Core/Src/main.c:510:6:LedOffAll	8	static
../Core/Src/main.c:533:6:SignalError	8	static
../Core/Src/main.c:551:6:Error_Handler	8	static,ignoring_inline_asm
