../Core/Src/main.c:83:5:main	24	static
../Core/Src/main.c:231:6:SystemClock_Config	96	static
../Core/Src/main.c:276:13:MX_NVIC_Init	8	static
../Core/Src/main.c:300:13:MX_RTC_Init	8	static
../Core/Src/main.c:335:13:MX_TIM6_Init	8	static
../Core/Src/main.c:365:13:MX_TIM14_Init	8	static
../Core/Src/main.c:396:13:MX_GPIO_Init	56	static
../Core/Src/main.c:534:6:TestCase	8	static
../Core/Src/main.c:545:6:HAL_GPIO_EXTI_Callback	16	static
../Core/Src/main.c:651:6:Delay	16	static
../Core/Src/main.c:659:6:CabelTestStart	24	static
../Core/Src/main.c:702:15:GetPort	16	static
../Core/Src/main.c:745:6:LedOn	16	static
../Core/Src/main.c:750:6:LedOff	16	static
../Core/Src/main.c:755:6:LedOffAll	8	static
../Core/Src/main.c:778:6:SignalError	8	static
../Core/Src/main.c:796:6:Error_Handler	8	static
